[0.044s] Invoking command in '/home/ubuntu/ros2ws/build/ros2srrc_execution': CMAKE_PREFIX_PATH=/home/ubuntu/ros2ws/install/ros2srrc_data:/home/ubuntu/ros2ws/install/ros2_robotiqgripper:/home/ubuntu/ros2ws/install/linkattacher_msgs:/home/ubuntu/ros2ws/install/abb_robot_msgs:/home/ubuntu/ros2ws2/install/ur5_ros2_moveit2:/home/ubuntu/ros2ws2/install/ur5_ros2_gazebo:/home/ubuntu/ros2ws2/install/ur3_ros2_moveit2:/home/ubuntu/ros2ws2/install/ur3_ros2_gazebo:/home/ubuntu/ros2ws2/install/ur10_ros2_moveit2:/home/ubuntu/ros2ws2/install/ur10_ros2_gazebo:/home/ubuntu/ros2ws2/install/ros2_grasping:/home/ubuntu/ros2ws2/install/ros2_execution:/home/ubuntu/ros2ws2/install/ros2_actions:/home/ubuntu/ros2ws2/install/panda_ros2_moveit2:/home/ubuntu/ros2ws2/install/irb6640_ros2_moveit2:/home/ubuntu/ros2ws2/install/irb120_ros2_moveit2:/home/ubuntu/ros2ws2/install/irb1200_ros2_moveit2:/home/ubuntu/ros2ws2/install/iiwa_ros2_moveit2:/home/ubuntu/ros2ws2/install/cr35ia_ros2_moveit2:/home/ubuntu/ros2ws2/install/ros2_data:/home/ubuntu/ros2ws2/install/panda_ros2_gazebo:/home/ubuntu/ros2ws2/install/irb6640_ros2_gazebo:/home/ubuntu/ros2ws2/install/irb120_ros2_gazebo:/home/ubuntu/ros2ws2/install/irb1200_ros2_gazebo:/home/ubuntu/ros2ws2/install/iiwa_ros2_gazebo:/home/ubuntu/ros2ws2/install/gazebo_ros2_control_demos:/home/ubuntu/ros2ws2/install/gazebo_ros2_control:/home/ubuntu/ros2ws2/install/cr35ia_ros2_gazebo:/home/ubuntu/ros2ws/install/ros2srrc_ur5_moveit2:/home/ubuntu/ros2ws/install/ros2srrc_ur5_gazebo:/home/ubuntu/ros2ws/install/ros2srrc_ur3_moveit2:/home/ubuntu/ros2ws/install/ros2srrc_ur3_gazebo:/home/ubuntu/ros2ws/install/ros2srrc_ur16e_moveit2:/home/ubuntu/ros2ws/install/ros2srrc_ur16e_gazebo:/home/ubuntu/ros2ws/install/ros2srrc_ur10e_moveit2:/home/ubuntu/ros2ws/install/ros2srrc_ur10e_gazebo:/home/ubuntu/ros2ws/install/ros2srrc_robots:/home/ubuntu/ros2ws/install/ros2srrc_launch:/home/ubuntu/ros2ws/install/ros2srrc_irb6640_moveit2:/home/ubuntu/ros2ws/install/ros2srrc_irb6640_gazebo:/home/ubuntu/ros2ws/install/ros2srrc_irb120_moveit2:/home/ubuntu/ros2ws/install/ros2srrc_irb120_gazebo:/home/ubuntu/ros2ws/install/ros2srrc_irb1200_moveit2:/home/ubuntu/ros2ws/install/ros2srrc_irb1200_gazebo:/home/ubuntu/ros2ws/install/ros2srrc_iiwa_moveit2:/home/ubuntu/ros2ws/install/ros2srrc_iiwa_gazebo:/home/ubuntu/ros2ws/install/ros2srrc_execution:/home/ubuntu/ros2ws/install/ros2srrc_endeffectors:/home/ubuntu/ros2ws/install/ros2_objectpose:/home/ubuntu/ros2ws/install/ros2_linkpose:/home/ubuntu/ros2ws/install/ros2_linkattacher:/home/ubuntu/ros2ws/install/objectpose_msgs:/home/ubuntu/ros2ws/install/objectpose_gazebo:/home/ubuntu/ros2ws/install/linkpose_msgs:/home/ubuntu/ros2ws/install/linkpose_gazebo:/home/ubuntu/ros2ws/install/letter_writer:/home/ubuntu/ros2ws/install/gazebo_ros2_control_demos:/home/ubuntu/ros2ws/install/gazebo_ros2_control:/home/ubuntu/ros2ws/install/abb_rws_client:/home/ubuntu/ros2ws/install/abb_ros2:/home/ubuntu/ros2ws/install/abb_resources:/home/ubuntu/ros2ws/install/abb_rapid_sm_addin_msgs:/home/ubuntu/ros2ws/install/abb_rapid_msgs:/home/ubuntu/ros2ws/install/abb_hardware_interface:/home/ubuntu/ros2ws/install/abb_egm_rws_managers:/home/ubuntu/ros2ws/install/abb_librws:/home/ubuntu/ros2ws/install/abb_libegm:/home/ubuntu/ros2ws/install/abb_irb4600_support:/home/ubuntu/ros2ws/install/abb_irb1200_5_90_moveit_config:/home/ubuntu/ros2ws/install/abb_irb1200_support:/home/ubuntu/ros2ws/install/abb_egm_msgs:/home/ubuntu/ros2ws/install/abb_bringup LD_LIBRARY_PATH=/home/ubuntu/ros2ws/install/ros2srrc_data/lib:/home/ubuntu/ros2ws/install/ros2_robotiqgripper/lib:/home/ubuntu/ros2ws/install/linkattacher_msgs/lib:/home/ubuntu/ros2ws/install/abb_robot_msgs/lib:/home/ubuntu/ros2ws2/install/ros2_grasping/lib:/home/ubuntu/ros2ws2/install/ros2_data/lib:/home/ubuntu/ros2ws2/install/gazebo_ros2_control/lib:/home/ubuntu/ros2ws/install/ros2_objectpose/lib:/home/ubuntu/ros2ws/install/ros2_linkpose/lib:/home/ubuntu/ros2ws/install/ros2_linkattacher/lib:/home/ubuntu/ros2ws/install/objectpose_msgs/lib:/home/ubuntu/ros2ws/install/linkpose_msgs/lib:/home/ubuntu/ros2ws/install/gazebo_ros2_control/lib:/home/ubuntu/ros2ws/install/abb_rapid_sm_addin_msgs/lib:/home/ubuntu/ros2ws/install/abb_rapid_msgs/lib:/home/ubuntu/ros2ws/install/abb_hardware_interface/lib:/home/ubuntu/ros2ws/install/abb_egm_rws_managers/lib:/home/ubuntu/ros2ws/install/abb_librws/lib:/home/ubuntu/ros2ws/install/abb_libegm/lib:/home/ubuntu/ros2ws/install/abb_egm_msgs/lib:/usr/lib/x86_64-linux-gnu/gazebo-11/plugins:/opt/ros/humble/opt/rviz_ogre_vendor/lib:/opt/ros/humble/lib/x86_64-linux-gnu:/opt/ros/humble/lib /usr/bin/cmake /home/ubuntu/ros2ws/src/ros2_SimRealRobotControl/ros2srrc_execution -DCMAKE_INSTALL_PREFIX=/home/ubuntu/ros2ws/install/ros2srrc_execution
[0.117s] -- The C compiler identification is GNU 11.4.0
[0.198s] -- The CXX compiler identification is GNU 11.4.0
[0.206s] -- Detecting C compiler ABI info
[0.300s] -- Detecting C compiler ABI info - done
[0.306s] -- Check for working C compiler: /usr/bin/cc - skipped
[0.306s] -- Detecting C compile features
[0.307s] -- Detecting C compile features - done
[0.310s] -- Detecting CXX compiler ABI info
[0.416s] -- Detecting CXX compiler ABI info - done
[0.424s] -- Check for working CXX compiler: /usr/bin/c++ - skipped
[0.424s] -- Detecting CXX compile features
[0.424s] -- Detecting CXX compile features - done
[0.434s] -- Found ament_cmake: 1.3.10 (/opt/ros/humble/share/ament_cmake/cmake)
[0.641s] -- Found Python3: /usr/bin/python3 (found version "3.10.12") found components: Interpreter 
[0.847s] -- Found ament_lint_auto: 0.12.11 (/opt/ros/humble/share/ament_lint_auto/cmake)
[0.909s] Error parsing '/home/ubuntu/ros2ws/src/ros2_SimRealRobotControl/ros2srrc_execution/package.xml':
[0.961s] Traceback (most recent call last):
[0.961s]   File "/usr/lib/python3/dist-packages/catkin_pkg/package.py", line 610, in parse_package_string
[0.995s]     root = dom.parseString(data)
[0.995s]   File "/usr/lib/python3.10/xml/dom/minidom.py", line 2000, in parseString
[1.005s]     return expatbuilder.parseString(string)
[1.005s]   File "/usr/lib/python3.10/xml/dom/expatbuilder.py", line 925, in parseString
[1.020s]     return builder.parseString(string)
[1.020s]   File "/usr/lib/python3.10/xml/dom/expatbuilder.py", line 223, in parseString
[1.020s]     parser.Parse(string, True)
[1.020s] xml.parsers.expat.ExpatError: XML or text declaration not at start of entity: line 2, column 0
[1.021s] 
[1.021s] During handling of the above exception, another exception occurred:
[1.021s] 
[1.021s] Traceback (most recent call last):
[1.021s]   File "/opt/ros/humble/share/ament_cmake_core/cmake/core/package_xml_2_cmake.py", line 150, in <module>
[1.021s]     main()
[1.021s]   File "/opt/ros/humble/share/ament_cmake_core/cmake/core/package_xml_2_cmake.py", line 53, in main
[1.021s]     raise e
[1.021s]   File "/opt/ros/humble/share/ament_cmake_core/cmake/core/package_xml_2_cmake.py", line 49, in main
[1.021s]     package = parse_package_string(
[1.021s]   File "/usr/lib/python3/dist-packages/catkin_pkg/package.py", line 612, in parse_package_string
[1.021s]     raise InvalidPackage('The manifest contains invalid XML:\n%s' % ex, filename)
[1.021s] catkin_pkg.package.InvalidPackage: Error(s) in package '/home/ubuntu/ros2ws/src/ros2_SimRealRobotControl/ros2srrc_execution/package.xml':
[1.021s] The manifest contains invalid XML:
[1.021s] XML or text declaration not at start of entity: line 2, column 0
[1.036s] [31mCMake Error at /opt/ros/humble/share/ament_cmake_core/cmake/core/ament_package_xml.cmake:95 (message):
[1.038s]   execute_process(/usr/bin/python3
[1.038s]   /opt/ros/humble/share/ament_cmake_core/cmake/core/package_xml_2_cmake.py
[1.038s]   /home/ubuntu/ros2ws/src/ros2_SimRealRobotControl/ros2srrc_execution/package.xml
[1.038s]   /home/ubuntu/ros2ws/build/ros2srrc_execution/ament_cmake_core/package.cmake)
[1.038s]   returned error code 1
[1.038s] Call Stack (most recent call first):
[1.038s] -- Configuring incomplete, errors occurred!
[1.038s]   /opt/ros/humble/share/ament_cmake_core/cmake/core/ament_package_xml.cmake:49 (_ament_package_xml)
[1.038s]   /opt/ros/humble/share/ament_lint_auto/cmake/ament_lint_auto_find_test_dependencies.cmake:31 (ament_package_xml)
[1.038s]   CMakeLists.txt:23 (ament_lint_auto_find_test_dependencies)
[1.038s] 
[1.038s] [0m
[1.038s] See also "/home/ubuntu/ros2ws/build/ros2srrc_execution/CMakeFiles/CMakeOutput.log".
[1.041s] Invoked command in '/home/ubuntu/ros2ws/build/ros2srrc_execution' returned '1': CMAKE_PREFIX_PATH=/home/ubuntu/ros2ws/install/ros2srrc_data:/home/ubuntu/ros2ws/install/ros2_robotiqgripper:/home/ubuntu/ros2ws/install/linkattacher_msgs:/home/ubuntu/ros2ws/install/abb_robot_msgs:/home/ubuntu/ros2ws2/install/ur5_ros2_moveit2:/home/ubuntu/ros2ws2/install/ur5_ros2_gazebo:/home/ubuntu/ros2ws2/install/ur3_ros2_moveit2:/home/ubuntu/ros2ws2/install/ur3_ros2_gazebo:/home/ubuntu/ros2ws2/install/ur10_ros2_moveit2:/home/ubuntu/ros2ws2/install/ur10_ros2_gazebo:/home/ubuntu/ros2ws2/install/ros2_grasping:/home/ubuntu/ros2ws2/install/ros2_execution:/home/ubuntu/ros2ws2/install/ros2_actions:/home/ubuntu/ros2ws2/install/panda_ros2_moveit2:/home/ubuntu/ros2ws2/install/irb6640_ros2_moveit2:/home/ubuntu/ros2ws2/install/irb120_ros2_moveit2:/home/ubuntu/ros2ws2/install/irb1200_ros2_moveit2:/home/ubuntu/ros2ws2/install/iiwa_ros2_moveit2:/home/ubuntu/ros2ws2/install/cr35ia_ros2_moveit2:/home/ubuntu/ros2ws2/install/ros2_data:/home/ubuntu/ros2ws2/install/panda_ros2_gazebo:/home/ubuntu/ros2ws2/install/irb6640_ros2_gazebo:/home/ubuntu/ros2ws2/install/irb120_ros2_gazebo:/home/ubuntu/ros2ws2/install/irb1200_ros2_gazebo:/home/ubuntu/ros2ws2/install/iiwa_ros2_gazebo:/home/ubuntu/ros2ws2/install/gazebo_ros2_control_demos:/home/ubuntu/ros2ws2/install/gazebo_ros2_control:/home/ubuntu/ros2ws2/install/cr35ia_ros2_gazebo:/home/ubuntu/ros2ws/install/ros2srrc_ur5_moveit2:/home/ubuntu/ros2ws/install/ros2srrc_ur5_gazebo:/home/ubuntu/ros2ws/install/ros2srrc_ur3_moveit2:/home/ubuntu/ros2ws/install/ros2srrc_ur3_gazebo:/home/ubuntu/ros2ws/install/ros2srrc_ur16e_moveit2:/home/ubuntu/ros2ws/install/ros2srrc_ur16e_gazebo:/home/ubuntu/ros2ws/install/ros2srrc_ur10e_moveit2:/home/ubuntu/ros2ws/install/ros2srrc_ur10e_gazebo:/home/ubuntu/ros2ws/install/ros2srrc_robots:/home/ubuntu/ros2ws/install/ros2srrc_launch:/home/ubuntu/ros2ws/install/ros2srrc_irb6640_moveit2:/home/ubuntu/ros2ws/install/ros2srrc_irb6640_gazebo:/home/ubuntu/ros2ws/install/ros2srrc_irb120_moveit2:/home/ubuntu/ros2ws/install/ros2srrc_irb120_gazebo:/home/ubuntu/ros2ws/install/ros2srrc_irb1200_moveit2:/home/ubuntu/ros2ws/install/ros2srrc_irb1200_gazebo:/home/ubuntu/ros2ws/install/ros2srrc_iiwa_moveit2:/home/ubuntu/ros2ws/install/ros2srrc_iiwa_gazebo:/home/ubuntu/ros2ws/install/ros2srrc_execution:/home/ubuntu/ros2ws/install/ros2srrc_endeffectors:/home/ubuntu/ros2ws/install/ros2_objectpose:/home/ubuntu/ros2ws/install/ros2_linkpose:/home/ubuntu/ros2ws/install/ros2_linkattacher:/home/ubuntu/ros2ws/install/objectpose_msgs:/home/ubuntu/ros2ws/install/objectpose_gazebo:/home/ubuntu/ros2ws/install/linkpose_msgs:/home/ubuntu/ros2ws/install/linkpose_gazebo:/home/ubuntu/ros2ws/install/letter_writer:/home/ubuntu/ros2ws/install/gazebo_ros2_control_demos:/home/ubuntu/ros2ws/install/gazebo_ros2_control:/home/ubuntu/ros2ws/install/abb_rws_client:/home/ubuntu/ros2ws/install/abb_ros2:/home/ubuntu/ros2ws/install/abb_resources:/home/ubuntu/ros2ws/install/abb_rapid_sm_addin_msgs:/home/ubuntu/ros2ws/install/abb_rapid_msgs:/home/ubuntu/ros2ws/install/abb_hardware_interface:/home/ubuntu/ros2ws/install/abb_egm_rws_managers:/home/ubuntu/ros2ws/install/abb_librws:/home/ubuntu/ros2ws/install/abb_libegm:/home/ubuntu/ros2ws/install/abb_irb4600_support:/home/ubuntu/ros2ws/install/abb_irb1200_5_90_moveit_config:/home/ubuntu/ros2ws/install/abb_irb1200_support:/home/ubuntu/ros2ws/install/abb_egm_msgs:/home/ubuntu/ros2ws/install/abb_bringup LD_LIBRARY_PATH=/home/ubuntu/ros2ws/install/ros2srrc_data/lib:/home/ubuntu/ros2ws/install/ros2_robotiqgripper/lib:/home/ubuntu/ros2ws/install/linkattacher_msgs/lib:/home/ubuntu/ros2ws/install/abb_robot_msgs/lib:/home/ubuntu/ros2ws2/install/ros2_grasping/lib:/home/ubuntu/ros2ws2/install/ros2_data/lib:/home/ubuntu/ros2ws2/install/gazebo_ros2_control/lib:/home/ubuntu/ros2ws/install/ros2_objectpose/lib:/home/ubuntu/ros2ws/install/ros2_linkpose/lib:/home/ubuntu/ros2ws/install/ros2_linkattacher/lib:/home/ubuntu/ros2ws/install/objectpose_msgs/lib:/home/ubuntu/ros2ws/install/linkpose_msgs/lib:/home/ubuntu/ros2ws/install/gazebo_ros2_control/lib:/home/ubuntu/ros2ws/install/abb_rapid_sm_addin_msgs/lib:/home/ubuntu/ros2ws/install/abb_rapid_msgs/lib:/home/ubuntu/ros2ws/install/abb_hardware_interface/lib:/home/ubuntu/ros2ws/install/abb_egm_rws_managers/lib:/home/ubuntu/ros2ws/install/abb_librws/lib:/home/ubuntu/ros2ws/install/abb_libegm/lib:/home/ubuntu/ros2ws/install/abb_egm_msgs/lib:/usr/lib/x86_64-linux-gnu/gazebo-11/plugins:/opt/ros/humble/opt/rviz_ogre_vendor/lib:/opt/ros/humble/lib/x86_64-linux-gnu:/opt/ros/humble/lib /usr/bin/cmake /home/ubuntu/ros2ws/src/ros2_SimRealRobotControl/ros2srrc_execution -DCMAKE_INSTALL_PREFIX=/home/ubuntu/ros2ws/install/ros2srrc_execution
