[0.000000] (-) TimerEvent: {}
[0.000255] (-) JobUnselected: {'identifier': 'abb_bringup'}
[0.000292] (-) JobUnselected: {'identifier': 'abb_egm_msgs'}
[0.000314] (-) JobUnselected: {'identifier': 'abb_egm_rws_managers'}
[0.000330] (-) JobUnselected: {'identifier': 'abb_hardware_interface'}
[0.000344] (-) JobUnselected: {'identifier': 'abb_irb1200_5_90_moveit_config'}
[0.000382] (-) JobUnselected: {'identifier': 'abb_irb1200_support'}
[0.000419] (-) JobUnselected: {'identifier': 'abb_irb4600_support'}
[0.000455] (-) JobUnselected: {'identifier': 'abb_libegm'}
[0.000470] (-) JobUnselected: {'identifier': 'abb_librws'}
[0.000484] (-) JobUnselected: {'identifier': 'abb_rapid_msgs'}
[0.000499] (-) JobUnselected: {'identifier': 'abb_rapid_sm_addin_msgs'}
[0.000536] (-) JobUnselected: {'identifier': 'abb_resources'}
[0.000554] (-) JobUnselected: {'identifier': 'abb_robot_msgs'}
[0.000571] (-) JobUnselected: {'identifier': 'abb_ros2'}
[0.000607] (-) JobUnselected: {'identifier': 'abb_rws_client'}
[0.000643] (-) JobUnselected: {'identifier': 'gazebo_ros2_control'}
[0.000671] (-) JobUnselected: {'identifier': 'gazebo_ros2_control_demos'}
[0.000702] (-) JobUnselected: {'identifier': 'letter_writer'}
[0.000715] (-) JobUnselected: {'identifier': 'linkattacher_msgs'}
[0.000752] (-) JobUnselected: {'identifier': 'linkpose_gazebo'}
[0.000789] (-) JobUnselected: {'identifier': 'linkpose_msgs'}
[0.000804] (-) JobUnselected: {'identifier': 'objectpose_gazebo'}
[0.000818] (-) JobUnselected: {'identifier': 'objectpose_msgs'}
[0.000832] (-) JobUnselected: {'identifier': 'ros2_linkattacher'}
[0.000863] (-) JobUnselected: {'identifier': 'ros2_linkpose'}
[0.000918] (-) JobUnselected: {'identifier': 'ros2_objectpose'}
[0.000937] (-) JobUnselected: {'identifier': 'ros2_robotiqgripper'}
[0.000953] (-) JobUnselected: {'identifier': 'ros2srrc_data'}
[0.000972] (-) JobUnselected: {'identifier': 'ros2srrc_endeffectors'}
[0.001010] (-) JobUnselected: {'identifier': 'ros2srrc_iiwa_gazebo'}
[0.001048] (-) JobUnselected: {'identifier': 'ros2srrc_iiwa_moveit2'}
[0.001067] (-) JobUnselected: {'identifier': 'ros2srrc_irb1200_gazebo'}
[0.001083] (-) JobUnselected: {'identifier': 'ros2srrc_irb1200_moveit2'}
[0.001120] (-) JobUnselected: {'identifier': 'ros2srrc_irb120_gazebo'}
[0.001167] (-) JobUnselected: {'identifier': 'ros2srrc_irb120_moveit2'}
[0.001236] (-) JobUnselected: {'identifier': 'ros2srrc_irb6640_gazebo'}
[0.001265] (-) JobUnselected: {'identifier': 'ros2srrc_irb6640_moveit2'}
[0.001334] (-) JobUnselected: {'identifier': 'ros2srrc_launch'}
[0.001350] (-) JobUnselected: {'identifier': 'ros2srrc_robots'}
[0.001398] (-) JobUnselected: {'identifier': 'ros2srrc_ur10e_gazebo'}
[0.001432] (-) JobUnselected: {'identifier': 'ros2srrc_ur10e_moveit2'}
[0.001449] (-) JobUnselected: {'identifier': 'ros2srrc_ur16e_gazebo'}
[0.001502] (-) JobUnselected: {'identifier': 'ros2srrc_ur16e_moveit2'}
[0.001537] (-) JobUnselected: {'identifier': 'ros2srrc_ur3_gazebo'}
[0.001551] (-) JobUnselected: {'identifier': 'ros2srrc_ur3_moveit2'}
[0.001564] (-) JobUnselected: {'identifier': 'ros2srrc_ur5_gazebo'}
[0.001576] (-) JobUnselected: {'identifier': 'ros2srrc_ur5_moveit2'}
[0.001609] (-) JobUnselected: {'identifier': 'testV1'}
[0.001643] (-) JobUnselected: {'identifier': 'testV2'}
[0.001679] (ros2srrc_execution) JobQueued: {'identifier': 'ros2srrc_execution', 'dependencies': OrderedDict([('abb_robot_msgs', '/home/ubuntu/ros2ws/install/abb_robot_msgs'), ('linkattacher_msgs', '/home/ubuntu/ros2ws/install/linkattacher_msgs'), ('ros2_robotiqgripper', '/home/ubuntu/ros2ws/install/ros2_robotiqgripper'), ('ros2srrc_data', '/home/ubuntu/ros2ws/install/ros2srrc_data')])}
[0.001724] (ros2srrc_execution) JobStarted: {'identifier': 'ros2srrc_execution'}
[0.041710] (ros2srrc_execution) JobProgress: {'identifier': 'ros2srrc_execution', 'progress': 'cmake'}
[0.042099] (ros2srrc_execution) Command: {'cmd': ['/usr/bin/cmake', '/home/ubuntu/ros2ws/src/ros2_SimRealRobotControl/ros2srrc_execution', '-DCMAKE_INSTALL_PREFIX=/home/ubuntu/ros2ws/install/ros2srrc_execution'], 'cwd': '/home/ubuntu/ros2ws/build/ros2srrc_execution', 'env': OrderedDict([('GJS_DEBUG_TOPICS', 'JS ERROR;JS LOG'), ('LESSOPEN', '| /usr/bin/lesspipe %s'), ('USER', 'ubuntu'), ('LC_TIME', 'nl_NL.UTF-8'), ('XDG_SESSION_TYPE', 'wayland'), ('SHLVL', '1'), ('LD_LIBRARY_PATH', '/home/ubuntu/ros2ws/install/ros2srrc_data/lib:/home/ubuntu/ros2ws/install/ros2_robotiqgripper/lib:/home/ubuntu/ros2ws/install/linkattacher_msgs/lib:/home/ubuntu/ros2ws/install/abb_robot_msgs/lib:/home/ubuntu/ros2ws2/install/ros2_grasping/lib:/home/ubuntu/ros2ws2/install/ros2_data/lib:/home/ubuntu/ros2ws2/install/gazebo_ros2_control/lib:/home/ubuntu/ros2ws/install/ros2_objectpose/lib:/home/ubuntu/ros2ws/install/ros2_linkpose/lib:/home/ubuntu/ros2ws/install/ros2_linkattacher/lib:/home/ubuntu/ros2ws/install/objectpose_msgs/lib:/home/ubuntu/ros2ws/install/linkpose_msgs/lib:/home/ubuntu/ros2ws/install/gazebo_ros2_control/lib:/home/ubuntu/ros2ws/install/abb_rapid_sm_addin_msgs/lib:/home/ubuntu/ros2ws/install/abb_rapid_msgs/lib:/home/ubuntu/ros2ws/install/abb_hardware_interface/lib:/home/ubuntu/ros2ws/install/abb_egm_rws_managers/lib:/home/ubuntu/ros2ws/install/abb_librws/lib:/home/ubuntu/ros2ws/install/abb_libegm/lib:/home/ubuntu/ros2ws/install/abb_egm_msgs/lib:/usr/lib/x86_64-linux-gnu/gazebo-11/plugins:/opt/ros/humble/opt/rviz_ogre_vendor/lib:/opt/ros/humble/lib/x86_64-linux-gnu:/opt/ros/humble/lib'), ('HOME', '/home/ubuntu'), ('OLDPWD', '/home/ubuntu'), ('DESKTOP_SESSION', 'ubuntu'), ('GIO_LAUNCHED_DESKTOP_FILE', '/usr/share/applications/terminator.desktop'), ('ROS_PYTHON_VERSION', '3'), ('GNOME_SHELL_SESSION_MODE', 'ubuntu'), ('GTK_MODULES', 'gail:atk-bridge'), ('LC_MONETARY', 'nl_NL.UTF-8'), ('MANAGERPID', '1103'), ('SYSTEMD_EXEC_PID', '1306'), ('DBUS_SESSION_BUS_ADDRESS', 'unix:path=/run/user/1000/bus'), ('COLORTERM', 'truecolor'), ('TERMINATOR_DBUS_NAME', 'net.tenshu.Terminator25ef4b219e3b005583550f2b0f9f990c3'), ('GIO_LAUNCHED_DESKTOP_FILE_PID', '2432'), ('IM_CONFIG_PHASE', '1'), ('WAYLAND_DISPLAY', 'wayland-0'), ('COLCON_PREFIX_PATH', '/home/ubuntu/ros2ws/install:/home/ubuntu/ros2ws2/install'), ('ROS_DISTRO', 'humble'), ('LOGNAME', 'ubuntu'), ('JOURNAL_STREAM', '8:19258'), ('_', '/usr/bin/colcon'), ('ROS_VERSION', '2'), ('PKG_CONFIG_PATH', '/home/ubuntu/ros2ws/install/abb_egm_rws_managers/lib/x86_64-linux-gnu/pkgconfig:/home/ubuntu/ros2ws/install/abb_egm_rws_managers/lib/pkgconfig:/home/ubuntu/ros2ws/install/abb_librws/lib/x86_64-linux-gnu/pkgconfig:/home/ubuntu/ros2ws/install/abb_librws/lib/pkgconfig:/home/ubuntu/ros2ws/install/abb_libegm/lib/x86_64-linux-gnu/pkgconfig:/home/ubuntu/ros2ws/install/abb_libegm/lib/pkgconfig'), ('XDG_SESSION_CLASS', 'user'), ('USERNAME', 'ubuntu'), ('TERM', 'xterm-256color'), ('GNOME_DESKTOP_SESSION_ID', 'this-is-deprecated'), ('ROS_LOCALHOST_ONLY', '0'), ('PATH', '/opt/ros/humble/bin:/usr/local/sbin:/usr/local/bin:/usr/sbin:/usr/bin:/sbin:/bin:/usr/games:/usr/local/games:/snap/bin:/snap/bin'), ('SESSION_MANAGER', 'local/ubuntu:@/tmp/.ICE-unix/1271,unix/ubuntu:/tmp/.ICE-unix/1271'), ('INVOCATION_ID', '80de6ddb85e44842809de93388dbeaea'), ('XDG_MENU_PREFIX', 'gnome-'), ('LC_ADDRESS', 'nl_NL.UTF-8'), ('GNOME_SETUP_DISPLAY', ':1'), ('XDG_RUNTIME_DIR', '/run/user/1000'), ('DISPLAY', ':0'), ('TERMINATOR_DBUS_PATH', '/net/tenshu/Terminator2'), ('LANG', 'en_US.UTF-8'), ('XDG_CURRENT_DESKTOP', 'ubuntu:GNOME'), ('IBUS_DISABLE_SNOOPER', '1'), ('LC_TELEPHONE', 'nl_NL.UTF-8'), ('RMW_IMPLEMENTATION', 'rmw_cyclonedds_cpp'), ('XMODIFIERS', '@im=ibus'), ('XDG_SESSION_DESKTOP', 'ubuntu'), ('XAUTHORITY', '/run/user/1000/.mutter-Xwaylandauth.FFFFW2'), ('LS_COLORS', 'rs=0:di=01;34:ln=01;36:mh=00:pi=40;33:so=01;35:do=01;35:bd=40;33;01:cd=40;33;01:or=40;31;01:mi=00:su=37;41:sg=30;43:ca=30;41:tw=30;42:ow=34;42:st=37;44:ex=01;32:*.tar=01;31:*.tgz=01;31:*.arc=01;31:*.arj=01;31:*.taz=01;31:*.lha=01;31:*.lz4=01;31:*.lzh=01;31:*.lzma=01;31:*.tlz=01;31:*.txz=01;31:*.tzo=01;31:*.t7z=01;31:*.zip=01;31:*.z=01;31:*.dz=01;31:*.gz=01;31:*.lrz=01;31:*.lz=01;31:*.lzo=01;31:*.xz=01;31:*.zst=01;31:*.tzst=01;31:*.bz2=01;31:*.bz=01;31:*.tbz=01;31:*.tbz2=01;31:*.tz=01;31:*.deb=01;31:*.rpm=01;31:*.jar=01;31:*.war=01;31:*.ear=01;31:*.sar=01;31:*.rar=01;31:*.alz=01;31:*.ace=01;31:*.zoo=01;31:*.cpio=01;31:*.7z=01;31:*.rz=01;31:*.cab=01;31:*.wim=01;31:*.swm=01;31:*.dwm=01;31:*.esd=01;31:*.jpg=01;35:*.jpeg=01;35:*.mjpg=01;35:*.mjpeg=01;35:*.gif=01;35:*.bmp=01;35:*.pbm=01;35:*.pgm=01;35:*.ppm=01;35:*.tga=01;35:*.xbm=01;35:*.xpm=01;35:*.tif=01;35:*.tiff=01;35:*.png=01;35:*.svg=01;35:*.svgz=01;35:*.mng=01;35:*.pcx=01;35:*.mov=01;35:*.mpg=01;35:*.mpeg=01;35:*.m2v=01;35:*.mkv=01;35:*.webm=01;35:*.webp=01;35:*.ogm=01;35:*.mp4=01;35:*.m4v=01;35:*.mp4v=01;35:*.vob=01;35:*.qt=01;35:*.nuv=01;35:*.wmv=01;35:*.asf=01;35:*.rm=01;35:*.rmvb=01;35:*.flc=01;35:*.avi=01;35:*.fli=01;35:*.flv=01;35:*.gl=01;35:*.dl=01;35:*.xcf=01;35:*.xwd=01;35:*.yuv=01;35:*.cgm=01;35:*.emf=01;35:*.ogv=01;35:*.ogx=01;35:*.aac=00;36:*.au=00;36:*.flac=00;36:*.m4a=00;36:*.mid=00;36:*.midi=00;36:*.mka=00;36:*.mp3=00;36:*.mpc=00;36:*.ogg=00;36:*.ra=00;36:*.wav=00;36:*.oga=00;36:*.opus=00;36:*.spx=00;36:*.xspf=00;36:'), ('SSH_AGENT_LAUNCHER', 'gnome-keyring'), ('SSH_AUTH_SOCK', '/run/user/1000/keyring/ssh'), ('AMENT_PREFIX_PATH', '/home/ubuntu/ros2ws2/install/ur5_ros2_moveit2:/home/ubuntu/ros2ws2/install/ur5_ros2_gazebo:/home/ubuntu/ros2ws2/install/ur3_ros2_moveit2:/home/ubuntu/ros2ws2/install/ur3_ros2_gazebo:/home/ubuntu/ros2ws2/install/ur10_ros2_moveit2:/home/ubuntu/ros2ws2/install/ur10_ros2_gazebo:/home/ubuntu/ros2ws2/install/ros2_grasping:/home/ubuntu/ros2ws2/install/ros2_execution:/home/ubuntu/ros2ws2/install/ros2_actions:/home/ubuntu/ros2ws2/install/panda_ros2_moveit2:/home/ubuntu/ros2ws2/install/irb6640_ros2_moveit2:/home/ubuntu/ros2ws2/install/irb120_ros2_moveit2:/home/ubuntu/ros2ws2/install/irb1200_ros2_moveit2:/home/ubuntu/ros2ws2/install/iiwa_ros2_moveit2:/home/ubuntu/ros2ws2/install/cr35ia_ros2_moveit2:/home/ubuntu/ros2ws2/install/ros2_data:/home/ubuntu/ros2ws2/install/panda_ros2_gazebo:/home/ubuntu/ros2ws2/install/irb6640_ros2_gazebo:/home/ubuntu/ros2ws2/install/irb120_ros2_gazebo:/home/ubuntu/ros2ws2/install/irb1200_ros2_gazebo:/home/ubuntu/ros2ws2/install/iiwa_ros2_gazebo:/home/ubuntu/ros2ws2/install/gazebo_ros2_control_demos:/home/ubuntu/ros2ws2/install/gazebo_ros2_control:/home/ubuntu/ros2ws2/install/cr35ia_ros2_gazebo:/home/ubuntu/ros2ws/install/ros2srrc_ur5_moveit2:/home/ubuntu/ros2ws/install/ros2srrc_ur5_gazebo:/home/ubuntu/ros2ws/install/ros2srrc_ur3_moveit2:/home/ubuntu/ros2ws/install/ros2srrc_ur3_gazebo:/home/ubuntu/ros2ws/install/ros2srrc_ur16e_moveit2:/home/ubuntu/ros2ws/install/ros2srrc_ur16e_gazebo:/home/ubuntu/ros2ws/install/ros2srrc_ur10e_moveit2:/home/ubuntu/ros2ws/install/ros2srrc_ur10e_gazebo:/home/ubuntu/ros2ws/install/ros2srrc_robots:/home/ubuntu/ros2ws/install/ros2srrc_launch:/home/ubuntu/ros2ws/install/ros2srrc_irb6640_moveit2:/home/ubuntu/ros2ws/install/ros2srrc_irb6640_gazebo:/home/ubuntu/ros2ws/install/ros2srrc_irb120_moveit2:/home/ubuntu/ros2ws/install/ros2srrc_irb120_gazebo:/home/ubuntu/ros2ws/install/ros2srrc_irb1200_moveit2:/home/ubuntu/ros2ws/install/ros2srrc_irb1200_gazebo:/home/ubuntu/ros2ws/install/ros2srrc_iiwa_moveit2:/home/ubuntu/ros2ws/install/ros2srrc_iiwa_gazebo:/home/ubuntu/ros2ws/install/ros2srrc_execution:/home/ubuntu/ros2ws/install/ros2srrc_endeffectors:/home/ubuntu/ros2ws/install/ros2srrc_data:/home/ubuntu/ros2ws/install/ros2_robotiqgripper:/home/ubuntu/ros2ws/install/ros2_objectpose:/home/ubuntu/ros2ws/install/ros2_linkpose:/home/ubuntu/ros2ws/install/ros2_linkattacher:/home/ubuntu/ros2ws/install/objectpose_msgs:/home/ubuntu/ros2ws/install/objectpose_gazebo:/home/ubuntu/ros2ws/install/linkpose_msgs:/home/ubuntu/ros2ws/install/linkpose_gazebo:/home/ubuntu/ros2ws/install/linkattacher_msgs:/home/ubuntu/ros2ws/install/letter_writer:/home/ubuntu/ros2ws/install/gazebo_ros2_control_demos:/home/ubuntu/ros2ws/install/gazebo_ros2_control:/home/ubuntu/ros2ws/install/abb_rws_client:/home/ubuntu/ros2ws/install/abb_ros2:/home/ubuntu/ros2ws/install/abb_robot_msgs:/home/ubuntu/ros2ws/install/abb_resources:/home/ubuntu/ros2ws/install/abb_rapid_sm_addin_msgs:/home/ubuntu/ros2ws/install/abb_rapid_msgs:/home/ubuntu/ros2ws/install/abb_hardware_interface:/home/ubuntu/ros2ws/install/abb_irb4600_support:/home/ubuntu/ros2ws/install/abb_irb1200_5_90_moveit_config:/home/ubuntu/ros2ws/install/abb_irb1200_support:/home/ubuntu/ros2ws/install/abb_egm_msgs:/home/ubuntu/ros2ws/install/abb_bringup:/opt/ros/humble'), ('SHELL', '/bin/bash'), ('LC_NAME', 'nl_NL.UTF-8'), ('TERMINATOR_UUID', 'urn:uuid:1c1cbd7b-c58d-4f6a-929b-27fd07442a82'), ('QT_ACCESSIBILITY', '1'), ('GDMSESSION', 'ubuntu'), ('LESSCLOSE', '/usr/bin/lesspipe %s %s'), ('CMAKE_MODULE_PATH', '/home/ubuntu/ros2ws/install/abb_librws/share/abb_librws/cmake'), ('LC_MEASUREMENT', 'nl_NL.UTF-8'), ('GJS_DEBUG_OUTPUT', 'stderr'), ('LC_IDENTIFICATION', 'nl_NL.UTF-8'), ('QT_IM_MODULE', 'ibus'), ('PWD', '/home/ubuntu/ros2ws/build/ros2srrc_execution'), ('LC_ALL', 'en_US.UTF-8'), ('XDG_CONFIG_DIRS', '/etc/xdg/xdg-ubuntu:/etc/xdg'), ('XDG_DATA_DIRS', '/usr/share/ubuntu:/usr/local/share/:/usr/share/:/var/lib/snapd/desktop'), ('PYTHONPATH', '/home/ubuntu/ros2ws2/install/ros2_grasping/local/lib/python3.10/dist-packages:/home/ubuntu/ros2ws2/install/ros2_data/local/lib/python3.10/dist-packages:/home/ubuntu/ros2ws/install/ros2srrc_data/local/lib/python3.10/dist-packages:/home/ubuntu/ros2ws/install/ros2_robotiqgripper/local/lib/python3.10/dist-packages:/home/ubuntu/ros2ws/install/objectpose_msgs/local/lib/python3.10/dist-packages:/home/ubuntu/ros2ws/install/linkpose_msgs/local/lib/python3.10/dist-packages:/home/ubuntu/ros2ws/install/linkattacher_msgs/local/lib/python3.10/dist-packages:/home/ubuntu/ros2ws/install/abb_robot_msgs/local/lib/python3.10/dist-packages:/home/ubuntu/ros2ws/install/abb_rapid_sm_addin_msgs/local/lib/python3.10/dist-packages:/home/ubuntu/ros2ws/install/abb_rapid_msgs/local/lib/python3.10/dist-packages:/home/ubuntu/ros2ws/install/abb_egm_msgs/local/lib/python3.10/dist-packages:/opt/ros/humble/lib/python3.10/site-packages:/opt/ros/humble/local/lib/python3.10/dist-packages'), ('LC_NUMERIC', 'nl_NL.UTF-8'), ('LC_PAPER', 'nl_NL.UTF-8'), ('COLCON', '1'), ('VTE_VERSION', '6800'), ('CMAKE_PREFIX_PATH', '/home/ubuntu/ros2ws/install/ros2srrc_data:/home/ubuntu/ros2ws/install/ros2_robotiqgripper:/home/ubuntu/ros2ws/install/linkattacher_msgs:/home/ubuntu/ros2ws/install/abb_robot_msgs:/home/ubuntu/ros2ws2/install/ur5_ros2_moveit2:/home/ubuntu/ros2ws2/install/ur5_ros2_gazebo:/home/ubuntu/ros2ws2/install/ur3_ros2_moveit2:/home/ubuntu/ros2ws2/install/ur3_ros2_gazebo:/home/ubuntu/ros2ws2/install/ur10_ros2_moveit2:/home/ubuntu/ros2ws2/install/ur10_ros2_gazebo:/home/ubuntu/ros2ws2/install/ros2_grasping:/home/ubuntu/ros2ws2/install/ros2_execution:/home/ubuntu/ros2ws2/install/ros2_actions:/home/ubuntu/ros2ws2/install/panda_ros2_moveit2:/home/ubuntu/ros2ws2/install/irb6640_ros2_moveit2:/home/ubuntu/ros2ws2/install/irb120_ros2_moveit2:/home/ubuntu/ros2ws2/install/irb1200_ros2_moveit2:/home/ubuntu/ros2ws2/install/iiwa_ros2_moveit2:/home/ubuntu/ros2ws2/install/cr35ia_ros2_moveit2:/home/ubuntu/ros2ws2/install/ros2_data:/home/ubuntu/ros2ws2/install/panda_ros2_gazebo:/home/ubuntu/ros2ws2/install/irb6640_ros2_gazebo:/home/ubuntu/ros2ws2/install/irb120_ros2_gazebo:/home/ubuntu/ros2ws2/install/irb1200_ros2_gazebo:/home/ubuntu/ros2ws2/install/iiwa_ros2_gazebo:/home/ubuntu/ros2ws2/install/gazebo_ros2_control_demos:/home/ubuntu/ros2ws2/install/gazebo_ros2_control:/home/ubuntu/ros2ws2/install/cr35ia_ros2_gazebo:/home/ubuntu/ros2ws/install/ros2srrc_ur5_moveit2:/home/ubuntu/ros2ws/install/ros2srrc_ur5_gazebo:/home/ubuntu/ros2ws/install/ros2srrc_ur3_moveit2:/home/ubuntu/ros2ws/install/ros2srrc_ur3_gazebo:/home/ubuntu/ros2ws/install/ros2srrc_ur16e_moveit2:/home/ubuntu/ros2ws/install/ros2srrc_ur16e_gazebo:/home/ubuntu/ros2ws/install/ros2srrc_ur10e_moveit2:/home/ubuntu/ros2ws/install/ros2srrc_ur10e_gazebo:/home/ubuntu/ros2ws/install/ros2srrc_robots:/home/ubuntu/ros2ws/install/ros2srrc_launch:/home/ubuntu/ros2ws/install/ros2srrc_irb6640_moveit2:/home/ubuntu/ros2ws/install/ros2srrc_irb6640_gazebo:/home/ubuntu/ros2ws/install/ros2srrc_irb120_moveit2:/home/ubuntu/ros2ws/install/ros2srrc_irb120_gazebo:/home/ubuntu/ros2ws/install/ros2srrc_irb1200_moveit2:/home/ubuntu/ros2ws/install/ros2srrc_irb1200_gazebo:/home/ubuntu/ros2ws/install/ros2srrc_iiwa_moveit2:/home/ubuntu/ros2ws/install/ros2srrc_iiwa_gazebo:/home/ubuntu/ros2ws/install/ros2srrc_execution:/home/ubuntu/ros2ws/install/ros2srrc_endeffectors:/home/ubuntu/ros2ws/install/ros2_objectpose:/home/ubuntu/ros2ws/install/ros2_linkpose:/home/ubuntu/ros2ws/install/ros2_linkattacher:/home/ubuntu/ros2ws/install/objectpose_msgs:/home/ubuntu/ros2ws/install/objectpose_gazebo:/home/ubuntu/ros2ws/install/linkpose_msgs:/home/ubuntu/ros2ws/install/linkpose_gazebo:/home/ubuntu/ros2ws/install/letter_writer:/home/ubuntu/ros2ws/install/gazebo_ros2_control_demos:/home/ubuntu/ros2ws/install/gazebo_ros2_control:/home/ubuntu/ros2ws/install/abb_rws_client:/home/ubuntu/ros2ws/install/abb_ros2:/home/ubuntu/ros2ws/install/abb_resources:/home/ubuntu/ros2ws/install/abb_rapid_sm_addin_msgs:/home/ubuntu/ros2ws/install/abb_rapid_msgs:/home/ubuntu/ros2ws/install/abb_hardware_interface:/home/ubuntu/ros2ws/install/abb_egm_rws_managers:/home/ubuntu/ros2ws/install/abb_librws:/home/ubuntu/ros2ws/install/abb_libegm:/home/ubuntu/ros2ws/install/abb_irb4600_support:/home/ubuntu/ros2ws/install/abb_irb1200_5_90_moveit_config:/home/ubuntu/ros2ws/install/abb_irb1200_support:/home/ubuntu/ros2ws/install/abb_egm_msgs:/home/ubuntu/ros2ws/install/abb_bringup')]), 'shell': False}
[0.099034] (-) TimerEvent: {}
[0.118372] (ros2srrc_execution) StdoutLine: {'line': b'-- The C compiler identification is GNU 11.4.0\n'}
[0.199354] (ros2srrc_execution) StdoutLine: {'line': b'-- The CXX compiler identification is GNU 11.4.0\n'}
[0.199509] (-) TimerEvent: {}
[0.208106] (ros2srrc_execution) StdoutLine: {'line': b'-- Detecting C compiler ABI info\n'}
[0.299738] (-) TimerEvent: {}
[0.301516] (ros2srrc_execution) StdoutLine: {'line': b'-- Detecting C compiler ABI info - done\n'}
[0.307558] (ros2srrc_execution) StdoutLine: {'line': b'-- Check for working C compiler: /usr/bin/cc - skipped\n'}
[0.308059] (ros2srrc_execution) StdoutLine: {'line': b'-- Detecting C compile features\n'}
[0.308593] (ros2srrc_execution) StdoutLine: {'line': b'-- Detecting C compile features - done\n'}
[0.312063] (ros2srrc_execution) StdoutLine: {'line': b'-- Detecting CXX compiler ABI info\n'}
[0.411065] (-) TimerEvent: {}
[0.417673] (ros2srrc_execution) StdoutLine: {'line': b'-- Detecting CXX compiler ABI info - done\n'}
[0.425470] (ros2srrc_execution) StdoutLine: {'line': b'-- Check for working CXX compiler: /usr/bin/c++ - skipped\n'}
[0.425577] (ros2srrc_execution) StdoutLine: {'line': b'-- Detecting CXX compile features\n'}
[0.425903] (ros2srrc_execution) StdoutLine: {'line': b'-- Detecting CXX compile features - done\n'}
[0.435748] (ros2srrc_execution) StdoutLine: {'line': b'-- Found ament_cmake: 1.3.10 (/opt/ros/humble/share/ament_cmake/cmake)\n'}
[0.522323] (-) TimerEvent: {}
[0.624462] (-) TimerEvent: {}
[0.642374] (ros2srrc_execution) StdoutLine: {'line': b'-- Found Python3: /usr/bin/python3 (found version "3.10.12") found components: Interpreter \n'}
[0.739415] (-) TimerEvent: {}
[0.842482] (-) TimerEvent: {}
[0.848207] (ros2srrc_execution) StdoutLine: {'line': b'-- Found ament_lint_auto: 0.12.11 (/opt/ros/humble/share/ament_lint_auto/cmake)\n'}
[0.910560] (ros2srrc_execution) StderrLine: {'line': b"Error parsing '/home/ubuntu/ros2ws/src/ros2_SimRealRobotControl/ros2srrc_execution/package.xml':\n"}
[0.945221] (-) TimerEvent: {}
[0.962205] (ros2srrc_execution) StderrLine: {'line': b'Traceback (most recent call last):\n'}
[0.962360] (ros2srrc_execution) StderrLine: {'line': b'  File "/usr/lib/python3/dist-packages/catkin_pkg/package.py", line 610, in parse_package_string\n'}
[0.996496] (ros2srrc_execution) StderrLine: {'line': b'    root = dom.parseString(data)\n'}
[0.996725] (ros2srrc_execution) StderrLine: {'line': b'  File "/usr/lib/python3.10/xml/dom/minidom.py", line 2000, in parseString\n'}
[1.006845] (ros2srrc_execution) StderrLine: {'line': b'    return expatbuilder.parseString(string)\n'}
[1.007064] (ros2srrc_execution) StderrLine: {'line': b'  File "/usr/lib/python3.10/xml/dom/expatbuilder.py", line 925, in parseString\n'}
[1.021487] (ros2srrc_execution) StderrLine: {'line': b'    return builder.parseString(string)\n'}
[1.021943] (ros2srrc_execution) StderrLine: {'line': b'  File "/usr/lib/python3.10/xml/dom/expatbuilder.py", line 223, in parseString\n'}
[1.022025] (ros2srrc_execution) StderrLine: {'line': b'    parser.Parse(string, True)\n'}
[1.022137] (ros2srrc_execution) StderrLine: {'line': b'xml.parsers.expat.ExpatError: XML or text declaration not at start of entity: line 2, column 0\n'}
[1.022204] (ros2srrc_execution) StderrLine: {'line': b'\n'}
[1.022260] (ros2srrc_execution) StderrLine: {'line': b'During handling of the above exception, another exception occurred:\n'}
[1.022316] (ros2srrc_execution) StderrLine: {'line': b'\n'}
[1.022371] (ros2srrc_execution) StderrLine: {'line': b'Traceback (most recent call last):\n'}
[1.022428] (ros2srrc_execution) StderrLine: {'line': b'  File "/opt/ros/humble/share/ament_cmake_core/cmake/core/package_xml_2_cmake.py", line 150, in <module>\n'}
[1.022521] (ros2srrc_execution) StderrLine: {'line': b'    main()\n'}
[1.022582] (ros2srrc_execution) StderrLine: {'line': b'  File "/opt/ros/humble/share/ament_cmake_core/cmake/core/package_xml_2_cmake.py", line 53, in main\n'}
[1.022636] (ros2srrc_execution) StderrLine: {'line': b'    raise e\n'}
[1.022689] (ros2srrc_execution) StderrLine: {'line': b'  File "/opt/ros/humble/share/ament_cmake_core/cmake/core/package_xml_2_cmake.py", line 49, in main\n'}
[1.022742] (ros2srrc_execution) StderrLine: {'line': b'    package = parse_package_string(\n'}
[1.022795] (ros2srrc_execution) StderrLine: {'line': b'  File "/usr/lib/python3/dist-packages/catkin_pkg/package.py", line 612, in parse_package_string\n'}
[1.022848] (ros2srrc_execution) StderrLine: {'line': b"    raise InvalidPackage('The manifest contains invalid XML:\\n%s' % ex, filename)\n"}
[1.022932] (ros2srrc_execution) StderrLine: {'line': b"catkin_pkg.package.InvalidPackage: Error(s) in package '/home/ubuntu/ros2ws/src/ros2_SimRealRobotControl/ros2srrc_execution/package.xml':\n"}
[1.022989] (ros2srrc_execution) StderrLine: {'line': b'The manifest contains invalid XML:\n'}
[1.023042] (ros2srrc_execution) StderrLine: {'line': b'XML or text declaration not at start of entity: line 2, column 0\n'}
[1.037216] (ros2srrc_execution) StderrLine: {'line': b'\x1b[31mCMake Error at /opt/ros/humble/share/ament_cmake_core/cmake/core/ament_package_xml.cmake:95 (message):\n'}
[1.039217] (ros2srrc_execution) StderrLine: {'line': b'  execute_process(/usr/bin/python3\n'}
[1.039349] (ros2srrc_execution) StderrLine: {'line': b'  /opt/ros/humble/share/ament_cmake_core/cmake/core/package_xml_2_cmake.py\n'}
[1.039414] (ros2srrc_execution) StderrLine: {'line': b'  /home/ubuntu/ros2ws/src/ros2_SimRealRobotControl/ros2srrc_execution/package.xml\n'}
[1.039473] (ros2srrc_execution) StderrLine: {'line': b'  /home/ubuntu/ros2ws/build/ros2srrc_execution/ament_cmake_core/package.cmake)\n'}
[1.039592] (ros2srrc_execution) StderrLine: {'line': b'  returned error code 1\n'}
[1.039653] (ros2srrc_execution) StderrLine: {'line': b'Call Stack (most recent call first):\n'}
[1.039709] (ros2srrc_execution) StdoutLine: {'line': b'-- Configuring incomplete, errors occurred!\n'}
[1.039772] (ros2srrc_execution) StderrLine: {'line': b'  /opt/ros/humble/share/ament_cmake_core/cmake/core/ament_package_xml.cmake:49 (_ament_package_xml)\n'}
[1.039830] (ros2srrc_execution) StderrLine: {'line': b'  /opt/ros/humble/share/ament_lint_auto/cmake/ament_lint_auto_find_test_dependencies.cmake:31 (ament_package_xml)\n'}
[1.039896] (ros2srrc_execution) StderrLine: {'line': b'  CMakeLists.txt:23 (ament_lint_auto_find_test_dependencies)\n'}
[1.039981] (ros2srrc_execution) StderrLine: {'line': b'\n'}
[1.040038] (ros2srrc_execution) StderrLine: {'line': b'\x1b[0m\n'}
[1.040121] (ros2srrc_execution) StdoutLine: {'line': b'See also "/home/ubuntu/ros2ws/build/ros2srrc_execution/CMakeFiles/CMakeOutput.log".\n'}
[1.042922] (ros2srrc_execution) CommandEnded: {'returncode': 1}
[1.043879] (ros2srrc_execution) JobEnded: {'identifier': 'ros2srrc_execution', 'rc': 1}
[1.055786] (-) TimerEvent: {}
[1.056379] (-) EventReactorShutdown: {}
